// Jest Snapshot v1, https://goo.gl/fbAQLP

exports[`Route should render correctly with all of the information passed 1`] = `
<section
  className="Route"
>
  <div
    className="Route-info-container"
  >
    <h3
      className="Route-area"
    >
      Area: 
      <span
        className="Route-field"
      >
        Brown Cloud Crags
      </span>
    </h3>
    <h3
      className="Route-difficulty"
    >
      Difficulty: 
      <span
        className="Route-field"
      >
        5.8
      </span>
    </h3>
    <h3
      className="Route-type"
    >
      Type: 
      <span
        className="Route-field"
      >
        sport
      </span>
    </h3>
  </div>
  <i
    className="fas fa-heart Route-favorite-button"
    onClick={[Function]}
  />
</section>
`;
