// Jest Snapshot v1, https://goo.gl/fbAQLP

exports[`SideBar should match the snapshot with all the data passed in 1`] = `
<aside
  className="SideBar module"
>
  <form
    className="SideBar-filter-form"
    onSubmit={[Function]}
  >
    <fieldset>
      <legend>
        Sort:
      </legend>
      <select
        id="sort"
        onChange={[Function]}
      >
        <option
          value="lowest"
        >
          Lowest to Highest
        </option>
        <option
          value="highest"
        >
          Highest to Lowest
        </option>
      </select>
    </fieldset>
    <fieldset>
      <legend>
        Type:
      </legend>
      <div
        className="checkbox-container"
      >
        <input
          className="type-checkbox"
          id="sport"
          name="sport"
          onChange={[Function]}
          type="checkbox"
        />
        <label
          htmlFor="sport"
        >
          Sport
        </label>
      </div>
      <div
        className="checkbox-container"
      >
        <input
          className="type-checkbox"
          id="top-rope"
          name="top-rope"
          onChange={[Function]}
          type="checkbox"
        />
        <label
          htmlFor="top-rope"
        >
          Top-rope
        </label>
      </div>
      <div
        className="checkbox-container"
      >
        <input
          className="type-checkbox"
          id="trad"
          name="trad"
          onChange={[Function]}
          type="checkbox"
        />
        <label
          htmlFor="trad"
        >
          Trad
        </label>
      </div>
    </fieldset>
    <fieldset>
      <legend>
        Difficulty:
      </legend>
      <div
        className="checkbox-container"
      >
        <input
          className="difficulty-checkbox"
          id="5.13"
          name="5.13"
          onChange={[Function]}
          type="checkbox"
        />
        <label
          htmlFor="5.13"
        >
          5.13
        </label>
      </div>
      <div
        className="checkbox-container"
      >
        <input
          className="difficulty-checkbox"
          id="5.12"
          name="5.12"
          onChange={[Function]}
          type="checkbox"
        />
        <label
          htmlFor="5.12"
        >
          5.12
        </label>
      </div>
      <div
        className="checkbox-container"
      >
        <input
          className="difficulty-checkbox"
          id="5.11"
          name="5.11"
          onChange={[Function]}
          type="checkbox"
        />
        <label
          htmlFor="5.11"
        >
          5.11
        </label>
      </div>
      <div
        className="checkbox-container"
      >
        <input
          className="difficulty-checkbox"
          id="5.10"
          name="5.10"
          onChange={[Function]}
          type="checkbox"
        />
        <label
          htmlFor="5.10"
        >
          5.10
        </label>
      </div>
      <div
        className="checkbox-container"
      >
        <input
          className="difficulty-checkbox"
          id="5.9"
          name="5.9"
          onChange={[Function]}
          type="checkbox"
        />
        <label
          htmlFor="5.9"
        >
          5.9
        </label>
      </div>
      <div
        className="checkbox-container"
      >
        <input
          className="difficulty-checkbox"
          id="5.8"
          name="5.8"
          onChange={[Function]}
          type="checkbox"
        />
        <label
          htmlFor="5.8"
        >
          5.8
        </label>
      </div>
      <div
        className="checkbox-container"
      >
        <input
          className="difficulty-checkbox"
          id="5.7"
          name="5.7"
          onChange={[Function]}
          type="checkbox"
        />
        <label
          htmlFor="5.7"
        >
          5.7
        </label>
      </div>
      <div
        className="checkbox-container"
      >
        <input
          className="difficulty-checkbox"
          id="5.6"
          name="5.6"
          onChange={[Function]}
          type="checkbox"
        />
        <label
          htmlFor="5.6"
        >
          5.6
        </label>
      </div>
      <div
        className="checkbox-container"
      >
        <input
          className="difficulty-checkbox"
          id="5.5"
          name="5.5"
          onChange={[Function]}
          type="checkbox"
        />
        <label
          htmlFor="5.5"
        >
          5.5
        </label>
      </div>
      <div
        className="checkbox-container"
      >
        <input
          className="difficulty-checkbox"
          id="5.4"
          name="5.4"
          onChange={[Function]}
          type="checkbox"
        />
        <label
          htmlFor="5.4"
        >
          5.4
        </label>
      </div>
      <div
        className="checkbox-container"
      >
        <input
          className="difficulty-checkbox"
          id="5.3"
          name="5.3"
          onChange={[Function]}
          type="checkbox"
        />
        <label
          htmlFor="5.3"
        >
          5.3
        </label>
      </div>
      <div
        className="checkbox-container"
      >
        <input
          className="difficulty-checkbox"
          id="5.2"
          name="5.2"
          onChange={[Function]}
          type="checkbox"
        />
        <label
          htmlFor="5.2"
        >
          5.2
        </label>
      </div>
    </fieldset>
    <input
      className="Sidebar-form-submit-btn"
      type="submit"
      value="Filter"
    />
  </form>
</aside>
`;
